============================= test session starts =============================
platform win32 -- Python 3.12.6, pytest-9.0.2, pluggy-1.6.0 -- C:\Python312\python.exe
cachedir: .pytest_cache
rootdir: D:\User\Desktop\ralphgeminicode\boring-gemini
configfile: pyproject.toml
testpaths: tests
plugins: anyio-4.11.0, Faker-38.0.0, asyncio-1.3.0, cov-7.0.0, mock-3.15.1
asyncio: mode=Mode.AUTO, debug=False, asyncio_default_fixture_loop_scope=None, asyncio_default_test_loop_scope=function
collecting ... collected 432 items

tests/integration/test_agent_simulation.py::TestHappyPathScenario::test_agent_creates_file_successfully PASSED [  0%]
tests/integration/test_agent_simulation.py::TestHappyPathScenario::test_state_transitions_work_correctly PASSED [  0%]
tests/integration/test_agent_simulation.py::TestErrorRecoveryScenario::test_no_function_calls_triggers_recovery PASSED [  0%]
tests/integration/test_agent_simulation.py::TestErrorRecoveryScenario::test_patching_failure_triggers_recovery PASSED [  0%]
tests/integration/test_agent_simulation.py::TestErrorRecoveryScenario::test_max_retries_causes_exit PASSED [  1%]
tests/integration/test_agent_simulation.py::TestErrorRecoveryScenario::test_recovery_generates_format_prompt_for_no_function_calls PASSED [  1%]
tests/integration/test_agent_simulation.py::TestDatabaseSchema::test_loops_table_has_created_at PASSED [  1%]
tests/integration/test_agent_simulation.py::TestDatabaseSchema::test_project_state_table_exists PASSED [  1%]
tests/integration/test_agent_simulation.py::TestDatabaseSchema::test_error_patterns_table_exists PASSED [  2%]
tests/integration/test_agent_simulation.py::TestStateMachineIntegration::test_full_success_flow PASSED [  2%]
tests/integration/test_agent_simulation.py::TestFileSystemIntegration::test_write_file_creates_parent_directories PASSED [  2%]
tests/integration/test_agent_simulation.py::TestFileSystemIntegration::test_search_replace_modifies_existing_file PASSED [  2%]
tests/integration/test_agent_simulation.py::TestFileSystemIntegration::test_blocked_paths_are_not_written PASSED [  3%]
tests/integration/test_integration.py::TestEndToEndPatching::test_parse_and_apply_single_file PASSED [  3%]
tests/integration/test_integration.py::TestEndToEndPatching::test_parse_and_apply_xml_format PASSED [  3%]
tests/integration/test_integration.py::TestVerificationIntegration::test_full_verification_flow PASSED [  3%]
tests/integration/test_integration.py::TestVerificationIntegration::test_verification_catches_syntax_error PASSED [  3%]
tests/integration/test_integration.py::TestSecurityIntegration::test_path_traversal_blocked PASSED [  4%]
tests/integration/test_integration.py::TestSecurityIntegration::test_disallowed_extension_blocked PASSED [  4%]
tests/integration/test_integration.py::TestDiffPatcher::test_apply_search_replace_simple PASSED [  4%]
tests/integration/test_integration.py::TestDiffPatcher::test_apply_search_replace_multiline PASSED [  4%]
tests/integration/test_mcp_startup.py::TestMCPServerStartup::test_server_module_imports PASSED [  5%]
tests/integration/test_mcp_startup.py::TestMCPServerStartup::test_server_instance_creation PASSED [  5%]
tests/integration/test_mcp_startup.py::TestMCPServerStartup::test_v10_tools_registered PASSED [  5%]
tests/integration/test_mcp_startup.py::TestRAGSystem::test_rag_retriever_creation PASSED [  5%]
tests/integration/test_mcp_startup.py::TestRAGSystem::test_code_indexer_creation PASSED [  6%]
tests/integration/test_mcp_startup.py::TestShadowMode::test_shadow_guard_creation PASSED [  6%]
tests/integration/test_mcp_startup.py::TestShadowMode::test_high_risk_operation_blocked PASSED [  6%]
tests/integration/test_mcp_startup.py::TestAgentSystem::test_agent_imports PASSED [  6%]
tests/integration/test_mcp_startup.py::TestAgentSystem::test_agent_context_creation PASSED [  6%]
tests/test_core.py::TestRateLimiting::test_can_make_call_within_limit PASSED [  7%]
tests/test_core.py::TestRateLimiting::test_can_make_call_at_limit PASSED [  7%]
tests/test_core.py::TestRateLimiting::test_can_make_call_over_limit PASSED [  7%]
tests/test_core.py::TestRateLimiting::test_can_make_call_no_file PASSED  [  7%]
tests/test_core.py::TestRateLimiting::test_get_calls_made_existing_file PASSED [  8%]
tests/test_core.py::TestRateLimiting::test_get_calls_made_no_file PASSED [  8%]
tests/test_core.py::TestRateLimiting::test_increment_call_counter PASSED [  8%]
tests/test_core.py::TestExitDetection::test_should_exit_gracefully_no_signals PASSED [  8%]
tests/test_core.py::TestExitDetection::test_should_exit_gracefully_test_saturation PASSED [  9%]
tests/test_core.py::TestExitDetection::test_should_exit_gracefully_done_signals PASSED [  9%]
tests/test_core.py::TestExitDetection::test_should_exit_gracefully_completion_indicators PASSED [  9%]
tests/test_core.py::TestExitDetection::test_should_exit_gracefully_no_file PASSED [  9%]
tests/test_core.py::TestExitDetection::test_should_exit_gracefully_fix_plan_complete PASSED [  9%]
tests/test_core.py::TestExitDetection::test_should_exit_gracefully_fix_plan_incomplete PASSED [ 10%]
tests/test_core.py::TestInitCallTracking::test_init_creates_files PASSED [ 10%]
tests/test_response_analyzer.py::TestAnalyzeResponse::test_analyze_response_file_not_found PASSED [ 10%]
tests/test_response_analyzer.py::TestAnalyzeResponse::test_analyze_response_with_function_call_results PASSED [ 10%]
tests/test_response_analyzer.py::TestAnalyzeResponse::test_analyze_response_boring_status_block PASSED [ 11%]
tests/test_response_analyzer.py::TestAnalyzeResponse::test_analyze_response_output_length PASSED [ 11%]
tests/test_response_analyzer.py::TestAnalyzeResponse::test_analyze_response_with_git_changes PASSED [ 11%]
tests/test_response_analyzer.py::TestAnalyzeResponse::test_analyze_response_in_progress_status PASSED [ 11%]
tests/test_response_analyzer.py::TestAnalyzeResponse::test_analyze_response_function_calls_override_text PASSED [ 12%]
tests/test_response_analyzer.py::TestUpdateExitSignals::test_update_exit_signals_test_only PASSED [ 12%]
tests/test_response_analyzer.py::TestUpdateExitSignals::test_update_exit_signals_completion PASSED [ 12%]
tests/test_response_analyzer.py::TestUpdateExitSignals::test_update_exit_signals_high_confidence PASSED [ 12%]
tests/test_response_analyzer.py::TestUpdateExitSignals::test_update_exit_signals_progress_clears_test_only PASSED [ 12%]
tests/test_response_analyzer.py::TestLogAnalysisSummary::test_log_analysis_summary_no_file PASSED [ 13%]
tests/test_response_analyzer.py::TestLogAnalysisSummary::test_log_analysis_summary_with_data PASSED [ 13%]
tests/unit/mcp/test_agents_tools.py::test_boring_delegate_telemetry PASSED [ 13%]
tests/unit/mcp/test_agents_tools.py::test_boring_delegate_telemetry_failure_silence PASSED [ 13%]
tests/unit/mcp/test_agents_tools.py::test_boring_delegate_cot PASSED     [ 14%]
tests/unit/mcp/test_core_tools.py::TestCoreTools::test_run_boring_template PASSED [ 14%]
tests/unit/mcp/test_core_tools.py::TestCoreTools::test_run_boring_empty_task PASSED [ 14%]
tests/unit/mcp/test_core_tools.py::TestCoreTools::test_run_boring_whitespace_task PASSED [ 14%]
tests/unit/mcp/test_core_tools.py::TestCoreTools::test_run_boring_invalid_level PASSED [ 15%]
tests/unit/mcp/test_core_tools.py::TestCoreTools::test_run_boring_invalid_max_loops_low PASSED [ 15%]
tests/unit/mcp/test_core_tools.py::TestCoreTools::test_run_boring_invalid_max_loops_high PASSED [ 15%]
tests/unit/mcp/test_core_tools.py::TestCoreTools::test_run_boring_no_project PASSED [ 15%]
tests/unit/mcp/test_core_tools.py::TestCoreTools::test_boring_health_check_healthy PASSED [ 15%]
tests/unit/mcp/test_core_tools.py::TestCoreTools::test_boring_health_check_with_checks PASSED [ 16%]
tests/unit/mcp/test_core_tools.py::TestCoreTools::test_boring_health_check_exception PASSED [ 16%]
tests/unit/mcp/test_core_tools.py::TestCoreTools::test_boring_quickstart_with_project PASSED [ 16%]
tests/unit/mcp/test_core_tools.py::TestCoreTools::test_boring_quickstart_no_project PASSED [ 16%]
tests/unit/mcp/test_core_tools.py::TestCoreTools::test_boring_quickstart_has_workflows PASSED [ 17%]
tests/unit/mcp/test_core_tools.py::TestCoreTools::test_boring_status_success PASSED [ 17%]
tests/unit/mcp/test_core_tools.py::TestCoreTools::test_boring_status_no_project PASSED [ 17%]
tests/unit/mcp/test_core_tools.py::TestCoreTools::test_boring_status_exception PASSED [ 17%]
tests/unit/mcp/test_core_tools.py::TestCoreTools::test_boring_done_returns_message PASSED [ 18%]
tests/unit/mcp/test_core_tools.py::TestCoreTools::test_boring_done_with_long_message PASSED [ 18%]
tests/unit/mcp/test_evaluation.py::TestEvaluationTools::test_boring_evaluate_file PASSED [ 18%]
tests/unit/mcp/test_evaluation.py::TestEvaluationTools::test_boring_evaluate_interactive PASSED [ 18%]
tests/unit/mcp/test_evaluation.py::TestEvaluationTools::test_boring_evaluate_rate_limited PASSED [ 18%]
tests/unit/mcp/test_git.py::TestGitTools::test_boring_hooks_install_success PASSED [ 19%]
tests/unit/mcp/test_git.py::TestGitTools::test_boring_hooks_install_idempotent PASSED [ 19%]
tests/unit/mcp/test_git.py::TestGitTools::test_boring_hooks_uninstall PASSED [ 19%]
tests/unit/mcp/test_git.py::TestGitTools::test_boring_hooks_status PASSED [ 19%]
tests/unit/mcp/test_integration.py::TestIntegrationTools::test_boring_setup_extensions_success PASSED [ 20%]
tests/unit/mcp/test_integration.py::TestIntegrationTools::test_boring_setup_extensions_no_gemini PASSED [ 20%]
tests/unit/mcp/test_integration.py::TestIntegrationTools::test_boring_notebooklm_guide PASSED [ 20%]
tests/unit/mcp/test_knowledge.py::TestKnowledgeTools::test_boring_learn_success PASSED [ 20%]
tests/unit/mcp/test_knowledge.py::TestKnowledgeTools::test_boring_create_rubrics PASSED [ 21%]
tests/unit/mcp/test_knowledge.py::TestKnowledgeTools::test_boring_brain_summary PASSED [ 21%]
tests/unit/mcp/test_resources.py::TestResources::test_get_project_status PASSED [ 21%]
tests/unit/mcp/test_resources.py::TestResources::test_get_prompt PASSED  [ 21%]
tests/unit/mcp/test_server.py::TestServer::test_run_server PASSED        [ 21%]
tests/unit/mcp/test_server.py::TestServer::test_run_server_no_mcp PASSED [ 22%]
tests/unit/mcp/test_speckit.py::TestSpecKitTools::test_speckit_tool_execution PASSED [ 22%]
tests/unit/mcp/test_speckit.py::TestSpecKitTools::test_speckit_auto_execute PASSED [ 22%]
tests/unit/mcp/test_verification.py::TestVerificationTools::test_boring_verify_success PASSED [ 22%]
tests/unit/mcp/test_verification.py::TestVerificationTools::test_boring_verify_file PASSED [ 23%]
tests/unit/mcp/test_workflow.py::TestWorkflowTools::test_speckit_evolve_workflow PASSED [ 23%]
tests/unit/mcp/test_workflow.py::TestWorkflowTools::test_speckit_reset_workflow PASSED [ 23%]
tests/unit/mcp/test_workflow.py::TestWorkflowTools::test_boring_install_workflow PASSED [ 23%]
tests/unit/mcp/test_workflow.py::TestWorkflowTools::test_boring_list_workflows PASSED [ 24%]
tests/unit/test_agents.py::TestAgentBase::test_agent_role_enum PASSED    [ 24%]
tests/unit/test_agents.py::TestAgentBase::test_shared_resource PASSED    [ 24%]
tests/unit/test_agents.py::TestAgentBase::test_agent_message PASSED      [ 24%]
tests/unit/test_agents.py::TestAgentBase::test_agent_context PASSED      [ 25%]
tests/unit/test_agents.py::TestArchitectAgent::test_architect_system_prompt PASSED [ 25%]
tests/unit/test_agents.py::TestArchitectAgent::test_extract_file_list PASSED [ 25%]
tests/unit/test_agents.py::TestReviewerAgent::test_reviewer_system_prompt PASSED [ 25%]
tests/unit/test_agents.py::TestReviewerAgent::test_extract_verdict_pass PASSED [ 25%]
tests/unit/test_agents.py::TestReviewerAgent::test_extract_verdict_needs_work PASSED [ 26%]
tests/unit/test_agents.py::TestReviewerAgent::test_extract_issues PASSED [ 26%]
tests/unit/test_agents.py::TestOrchestratorInit::test_orchestrator_creates_agents PASSED [ 26%]
tests/unit/test_circuit.py::TestCircuitState::test_circuit_state_values PASSED [ 26%]
tests/unit/test_circuit.py::TestLoopInfo::test_loop_info_creation PASSED [ 27%]
tests/unit/test_circuit.py::TestInitCircuitBreaker::test_init_creates_state_file PASSED [ 27%]
tests/unit/test_circuit.py::TestInitCircuitBreaker::test_init_sets_closed_state PASSED [ 27%]
tests/unit/test_circuit.py::TestGetCircuitState::test_get_circuit_state_returns_dict PASSED [ 27%]
tests/unit/test_circuit.py::TestRecordLoopResult::test_record_success PASSED [ 28%]
tests/unit/test_circuit.py::TestRecordLoopResult::test_record_failure PASSED [ 28%]
tests/unit/test_circuit.py::TestShouldHaltExecution::test_should_not_halt_initially PASSED [ 28%]
tests/unit/test_circuit.py::TestResetCircuitBreaker::test_reset_sets_closed_state PASSED [ 28%]
tests/unit/test_cli_client.py::TestGeminiCLIAdapter::test_init_success PASSED [ 28%]
tests/unit/test_cli_client.py::TestGeminiCLIAdapter::test_init_failure FAILED [ 29%]
tests/unit/test_cli_client.py::TestGeminiCLIAdapter::test_generate_success PASSED [ 29%]
tests/unit/test_cli_client.py::TestGeminiCLIAdapter::test_generate_auth_error PASSED [ 29%]
tests/unit/test_cli_client.py::TestGeminiCLIAdapter::test_generate_timeout PASSED [ 29%]
tests/unit/test_cli_client.py::TestGeminiCLIAdapter::test_execute_cli_json_success PASSED [ 30%]
tests/unit/test_cli_client.py::TestGeminiCLIAdapter::test_execute_cli_json_invalid PASSED [ 30%]
tests/unit/test_cli_client.py::TestGeminiCLIAdapter::test_create_cli_adapter_factory FAILED [ 30%]
tests/unit/test_cli_client.py::TestCLIUtilities::test_check_cli_available PASSED [ 30%]
tests/unit/test_cli_client.py::TestCLIUtilities::test_check_cli_authenticated_success PASSED [ 31%]
tests/unit/test_cli_client.py::TestCLIUtilities::test_check_cli_authenticated_failure PASSED [ 31%]
tests/unit/test_config.py::TestSettings::test_settings_has_project_root PASSED [ 31%]
tests/unit/test_config.py::TestSettings::test_settings_has_log_dir PASSED [ 31%]
tests/unit/test_config.py::TestSettings::test_settings_has_timeout PASSED [ 31%]
tests/unit/test_config.py::TestSettings::test_settings_has_max_loops PASSED [ 32%]
tests/unit/test_config.py::TestSettings::test_settings_has_default_model PASSED [ 32%]
tests/unit/test_config.py::TestSettingsClass::test_settings_class_exists PASSED [ 32%]
tests/unit/test_config.py::TestSettingsClass::test_project_root_is_path PASSED [ 32%]
tests/unit/test_config.py::TestSupportedModels::test_supported_models_is_list PASSED [ 33%]
tests/unit/test_config.py::TestSupportedModels::test_supported_models_contains_strings PASSED [ 33%]
tests/unit/test_config.py::TestInitDirectories::test_init_directories_exists PASSED [ 33%]
tests/unit/test_dashboard.py::TestDashboard::test_load_json_success PASSED [ 33%]
tests/unit/test_dashboard.py::TestDashboard::test_load_json_file_not_found PASSED [ 34%]
tests/unit/test_dashboard.py::TestDashboard::test_load_json_decode_error PASSED [ 34%]
tests/unit/test_dashboard.py::TestDashboard::test_main_layout PASSED     [ 34%]
tests/unit/test_dashboard.py::TestDashboard::test_main_no_data PASSED    [ 34%]
tests/unit/test_dashboard.py::TestDashboard::test_main_brain_explorer PASSED [ 34%]
tests/unit/test_debugger.py::TestBoringDebugger::test_init PASSED        [ 35%]
tests/unit/test_debugger.py::TestBoringDebugger::test_run_with_healing_success PASSED [ 35%]
tests/unit/test_debugger.py::TestBoringDebugger::test_run_with_healing_disabled PASSED [ 35%]
tests/unit/test_debugger.py::TestBoringDebugger::test_run_with_healing_no_fix PASSED [ 35%]
tests/unit/test_debugger.py::TestBoringDebugger::test_run_with_healing_apply_fix PASSED [ 36%]
tests/unit/test_debugger.py::TestBoringDebugger::test_find_relevant_frame PASSED [ 36%]
tests/unit/test_debugger.py::TestBoringDebugger::test_apply_fix_no_match PASSED [ 36%]
tests/unit/test_diff_patcher.py::TestExtractSearchReplaceBlocks::test_extract_simple_block PASSED [ 36%]
tests/unit/test_diff_patcher.py::TestExtractSearchReplaceBlocks::test_extract_block_with_file_path PASSED [ 37%]
tests/unit/test_diff_patcher.py::TestExtractSearchReplaceBlocks::test_extract_multiple_blocks PASSED [ 37%]
tests/unit/test_diff_patcher.py::TestExtractSearchReplaceBlocks::test_extract_no_blocks PASSED [ 37%]
tests/unit/test_diff_patcher.py::TestApplySearchReplace::test_apply_simple_replace PASSED [ 37%]
tests/unit/test_diff_patcher.py::TestApplySearchReplace::test_apply_replace_not_found PASSED [ 37%]
tests/unit/test_diff_patcher.py::TestApplySearchReplace::test_apply_replace_file_not_found PASSED [ 38%]
tests/unit/test_diff_patcher.py::TestApplySearchReplace::test_apply_replace_only_first_occurrence PASSED [ 38%]
tests/unit/test_diff_patcher.py::TestApplySearchReplaceBlocks::test_apply_multiple_blocks PASSED [ 38%]
tests/unit/test_exceptions.py::TestBoringError::test_boring_error_exists PASSED [ 38%]
tests/unit/test_exceptions.py::TestBoringError::test_boring_error_message PASSED [ 39%]
tests/unit/test_exceptions.py::TestBoringError::test_boring_error_with_details PASSED [ 39%]
tests/unit/test_exceptions.py::TestAPIErrors::test_api_error_exists PASSED [ 39%]
tests/unit/test_exceptions.py::TestAPIErrors::test_rate_limit_error PASSED [ 39%]
tests/unit/test_exceptions.py::TestAPIErrors::test_authentication_error PASSED [ 40%]
tests/unit/test_exceptions.py::TestFileErrors::test_file_error_exists PASSED [ 40%]
tests/unit/test_exceptions.py::TestFileErrors::test_path_security_error PASSED [ 40%]
tests/unit/test_exceptions.py::TestVerificationErrors::test_verification_error_exists PASSED [ 40%]
tests/unit/test_exceptions.py::TestVerificationErrors::test_lint_error PASSED [ 40%]
tests/unit/test_exceptions.py::TestLoopErrors::test_loop_error_exists PASSED [ 41%]
tests/unit/test_exceptions.py::TestLoopErrors::test_circuit_breaker_open_error PASSED [ 41%]
tests/unit/test_exceptions.py::TestConfigurationErrors::test_configuration_error PASSED [ 41%]
tests/unit/test_exceptions.py::TestConfigurationErrors::test_dependency_error PASSED [ 41%]
tests/unit/test_exceptions.py::TestExceptionHierarchy::test_api_error_inherits_from_boring_error PASSED [ 42%]
tests/unit/test_exceptions.py::TestExceptionHierarchy::test_file_error_inherits_from_boring_error PASSED [ 42%]
tests/unit/test_exceptions.py::TestExceptionHierarchy::test_verification_error_inherits_from_boring_error PASSED [ 42%]
tests/unit/test_file_patcher.py::TestExtractFileBlocks::test_extract_file_blocks_markdown_format PASSED [ 42%]
tests/unit/test_file_patcher.py::TestExtractFileBlocks::test_extract_file_blocks_xml_format PASSED [ 43%]
tests/unit/test_file_patcher.py::TestExtractFileBlocks::test_extract_file_blocks_empty_content PASSED [ 43%]
tests/unit/test_file_patcher.py::TestExtractFileBlocks::test_extract_file_blocks_no_blocks PASSED [ 43%]
tests/unit/test_file_patcher.py::TestApplyPatches::test_apply_patches_creates_file PASSED [ 43%]
tests/unit/test_file_patcher.py::TestApplyPatches::test_apply_patches_to_existing_file PASSED [ 43%]
tests/unit/test_file_patcher.py::TestApplyPatches::test_apply_patches_creates_subdirectories PASSED [ 44%]
tests/unit/test_file_patcher.py::TestPathTraversalProtection::test_blocks_path_traversal PASSED [ 44%]
tests/unit/test_file_patcher.py::TestPathTraversalProtection::test_blocks_absolute_path PASSED [ 44%]
tests/unit/test_file_patcher.py::TestFileExtensionFiltering::test_blocks_executable_extensions PASSED [ 44%]
tests/unit/test_function_calling.py::TestBoringTools::test_tools_structure PASSED [ 45%]
tests/unit/test_function_calling.py::TestBoringTools::test_tools_have_function_declarations PASSED [ 45%]
tests/unit/test_function_calling.py::TestBoringTools::test_write_file_tool_exists PASSED [ 45%]
tests/unit/test_function_calling.py::TestBoringTools::test_search_replace_tool_exists PASSED [ 45%]
tests/unit/test_function_calling.py::TestBoringTools::test_report_status_tool_exists PASSED [ 46%]
tests/unit/test_function_calling.py::TestProcessFunctionCalls::test_process_write_file PASSED [ 46%]
tests/unit/test_function_calling.py::TestProcessFunctionCalls::test_process_search_replace PASSED [ 46%]
tests/unit/test_function_calling.py::TestProcessFunctionCalls::test_process_report_status PASSED [ 46%]
tests/unit/test_function_calling.py::TestProcessFunctionCalls::test_security_check_path_traversal PASSED [ 46%]
tests/unit/test_gemini_client.py::TestGetBoringTools::test_get_boring_tools_returns_list PASSED [ 47%]
tests/unit/test_gemini_client.py::TestGeminiClientInit::test_init_with_api_key PASSED [ 47%]
tests/unit/test_gemini_client.py::TestGeminiClientInit::test_init_sets_model_name PASSED [ 47%]
tests/unit/test_gemini_client.py::TestGeminiClientGenerate::test_generate_success PASSED [ 47%]
tests/unit/test_gemini_client.py::TestGeminiClientGenerate::test_generate_handles_exception PASSED [ 48%]
tests/unit/test_gemini_client.py::TestCreateGeminiClient::test_create_gemini_client_no_key_returns_none PASSED [ 48%]
tests/unit/test_health.py::TestCheckApiKey::test_api_key_not_set PASSED  [ 48%]
tests/unit/test_health.py::TestCheckApiKey::test_api_key_valid_format PASSED [ 48%]
tests/unit/test_health.py::TestCheckApiKey::test_api_key_invalid_format PASSED [ 49%]
tests/unit/test_health.py::TestCheckPythonVersion::test_python_version_sufficient PASSED [ 49%]
tests/unit/test_health.py::TestCheckDependencies::test_required_dependencies_installed PASSED [ 49%]
tests/unit/test_health.py::TestCheckPromptFile::test_prompt_file_missing PASSED [ 49%]
tests/unit/test_health.py::TestCheckPromptFile::test_prompt_file_exists PASSED [ 50%]
tests/unit/test_health.py::TestCheckPromptFile::test_prompt_file_too_short PASSED [ 50%]
tests/unit/test_health.py::TestCheckGitRepo::test_not_git_repo PASSED    [ 50%]
tests/unit/test_health.py::TestRunHealthCheck::test_run_health_check_returns_report PASSED [ 50%]
tests/unit/test_health.py::TestRunHealthCheck::test_health_report_counts PASSED [ 50%]
tests/unit/test_logger.py::TestLogStatus::test_log_status_creates_log_file PASSED [ 51%]
tests/unit/test_logger.py::TestLogStatus::test_log_status_different_levels PASSED [ 51%]
tests/unit/test_logger.py::TestLogStatus::test_log_status_with_nonexistent_dir PASSED [ 51%]
tests/unit/test_logger.py::TestConfigureLogging::test_imports_succeed PASSED [ 51%]
tests/unit/test_logger.py::TestConfigureLogging::test_log_status_exists PASSED [ 52%]
tests/unit/test_logger.py::TestStructuredLogging::test_logger_with_context PASSED [ 52%]
tests/unit/test_loop.py::TestLoopUtilityFunctions::test_plan_completion_detection_complete PASSED [ 52%]
tests/unit/test_loop.py::TestLoopUtilityFunctions::test_plan_completion_detection_incomplete PASSED [ 52%]
tests/unit/test_loop.py::TestLoopUtilityFunctions::test_plan_completion_no_file PASSED [ 53%]
tests/unit/test_loop.py::TestLoopUtilityFunctions::test_syntax_check_valid_python PASSED [ 53%]
tests/unit/test_loop.py::TestLoopUtilityFunctions::test_syntax_check_invalid_python PASSED [ 53%]
tests/unit/test_loop.py::TestAgentLoopWithAPI::test_init_default_values SKIPPED [ 53%]
tests/unit/test_loop.py::TestAgentLoopWithAPI::test_init_custom_model SKIPPED [ 53%]
tests/unit/test_loop.py::TestLoopConfigDefaults::test_default_model_from_settings PASSED [ 54%]
tests/unit/test_loop.py::TestLoopConfigDefaults::test_project_root_exists PASSED [ 54%]
tests/unit/test_loop.py::TestLoopConfigDefaults::test_log_dir_exists PASSED [ 54%]
tests/unit/test_loop_module.py::TestLoopImports::test_loop_module_imports PASSED [ 54%]
tests/unit/test_loop_module.py::TestLoopImports::test_agent_imports PASSED [ 55%]
tests/unit/test_loop_module.py::TestLoopImports::test_base_imports PASSED [ 55%]
tests/unit/test_loop_module.py::TestLoopImports::test_context_imports PASSED [ 55%]
tests/unit/test_loop_module.py::TestLoopContext::test_loop_context_creation PASSED [ 55%]
tests/unit/test_loop_module.py::TestLoopContext::test_loop_context_has_loop_count PASSED [ 56%]
tests/unit/test_loop_module.py::TestLoopContext::test_loop_context_has_max_loops PASSED [ 56%]
tests/unit/test_loop_module.py::TestLoopContext::test_loop_context_start_loop PASSED [ 56%]
tests/unit/test_loop_module.py::TestLoopContext::test_loop_context_increment_loop PASSED [ 56%]
tests/unit/test_loop_module.py::TestLoopContext::test_loop_context_should_continue PASSED [ 56%]
tests/unit/test_loop_module.py::TestLoopContext::test_loop_context_mark_exit PASSED [ 57%]
tests/unit/test_loop_module.py::TestBaseLoop::test_base_loop_exists PASSED [ 57%]
tests/unit/test_loop_module.py::TestAgentLoop::test_agent_loop_import PASSED [ 57%]
tests/unit/test_main_cli.py::test_hooks_uninstall_failure PASSED         [ 57%]
tests/unit/test_main_cli.py::test_auto_fix_run_boring_exception PASSED   [ 58%]
tests/unit/test_main_cli.py::test_start_command_api_backend PASSED       [ 58%]
tests/unit/test_main_cli.py::test_start_command_cli_backend_privacy_mode PASSED [ 58%]
tests/unit/test_main_cli.py::test_start_command_invalid_backend PASSED   [ 58%]
tests/unit/test_main_cli.py::test_start_cli_backend_coverage PASSED      [ 59%]
tests/unit/test_main_cli.py::test_start_api_backend_coverage PASSED      [ 59%]
tests/unit/test_main_cli.py::test_status_coverage PASSED                 [ 59%]
tests/unit/test_main_cli.py::test_verify_command_coverage PASSED         [ 59%]
tests/unit/test_main_cli.py::test_start_command_experimental_stateful PASSED [ 59%]
tests/unit/test_main_cli.py::test_start_command_with_custom_prompt PASSED [ 60%]
tests/unit/test_main_cli.py::test_start_command_exception_handling PASSED [ 60%]
tests/unit/test_main_cli.py::test_start_self_heal PASSED                 [ 60%]
tests/unit/test_main_cli.py::test_start_exception_self_heal PASSED       [ 60%]
tests/unit/test_main_cli.py::test_dashboard_missing_deps PASSED          [ 61%]
tests/unit/test_main_cli.py::test_auto_fix_target_not_found PASSED       [ 61%]
tests/unit/test_main_cli.py::test_status_command PASSED                  [ 61%]
tests/unit/test_main_cli.py::test_circuit_commands PASSED                [ 61%]
tests/unit/test_main_cli.py::test_setup_extensions PASSED                [ 62%]
tests/unit/test_main_cli.py::test_memory_clear_exists PASSED             [ 62%]
tests/unit/test_main_cli.py::test_memory_clear_not_exists PASSED         [ 62%]
tests/unit/test_main_cli.py::test_health_check_healthy PASSED            [ 62%]
tests/unit/test_main_cli.py::test_health_check_unhealthy PASSED          [ 62%]
tests/unit/test_main_cli.py::test_version_command PASSED                 [ 63%]
tests/unit/test_main_cli.py::test_version_command_fallback PASSED        [ 63%]
tests/unit/test_main_cli.py::test_workflow_list PASSED                   [ 63%]
tests/unit/test_main_cli.py::test_workflow_list_empty PASSED             [ 63%]
tests/unit/test_main_cli.py::test_workflow_export_success PASSED         [ 64%]
tests/unit/test_main_cli.py::test_workflow_export_failure PASSED         [ 64%]
tests/unit/test_main_cli.py::test_workflow_publish_no_token PASSED       [ 64%]
tests/unit/test_main_cli.py::test_workflow_publish_success PASSED        [ 64%]
tests/unit/test_main_cli.py::test_workflow_publish_failure PASSED        [ 65%]
tests/unit/test_main_cli.py::test_workflow_install_success PASSED        [ 65%]
tests/unit/test_main_cli.py::test_workflow_install_failure PASSED        [ 65%]
tests/unit/test_main_cli.py::test_evaluate_file_not_found PASSED         [ 65%]
tests/unit/test_main_cli.py::test_evaluate_success_cli PASSED            [ 65%]
tests/unit/test_main_cli.py::test_evaluate_api_missing_key PASSED        [ 66%]
tests/unit/test_main_cli.py::test_evaluate_exception PASSED              [ 66%]
tests/unit/test_main_cli.py::test_dashboard_success PASSED               [ 66%]
tests/unit/test_main_cli.py::test_dashboard_subprocess_error PASSED      [ 66%]
tests/unit/test_main_cli.py::test_auto_fix_success PASSED                [ 67%]
tests/unit/test_main_cli.py::test_auto_fix_failure PASSED                [ 67%]
tests/unit/test_main_cli.py::test_auto_fix_wrappers_logic PASSED         [ 67%]
tests/unit/test_main_cli.py::test_hooks_install_success PASSED           [ 67%]
tests/unit/test_main_cli.py::test_hooks_install_fail PASSED              [ 68%]
tests/unit/test_main_cli.py::test_hooks_uninstall_success PASSED         [ 68%]
tests/unit/test_main_cli.py::test_hooks_status_not_repo PASSED           [ 68%]
tests/unit/test_main_cli.py::test_hooks_status_repo PASSED               [ 68%]
tests/unit/test_mcp_server.py::TestMCPServerImports::test_mcp_module_imports PASSED [ 68%]
tests/unit/test_mcp_server.py::TestMCPServerImports::test_mcp_availability_check PASSED [ 69%]
tests/unit/test_mcp_server.py::TestSpecKitTools::test_read_workflow_exists PASSED [ 69%]
tests/unit/test_mcp_server.py::TestSpecKitTools::test_list_workflows_returns_all PASSED [ 69%]
tests/unit/test_mcp_server.py::TestSpecKitTools::test_workflow_frontmatter_parsing PASSED [ 69%]
tests/unit/test_mcp_server.py::TestBoringIntegrationTools::test_setup_extensions_structure PASSED [ 70%]
tests/unit/test_mcp_server.py::TestBoringIntegrationTools::test_gemini_not_available PASSED [ 70%]
tests/unit/test_mcp_server.py::TestMCPResources::test_project_prompt_resource PASSED [ 70%]
tests/unit/test_mcp_server.py::TestMCPResources::test_workflows_list_resource PASSED [ 70%]
tests/unit/test_mcp_server.py::TestTaskResult::test_task_result_creation PASSED [ 71%]
tests/unit/test_mcp_server.py::TestMCPConnectionStability::test_no_stdout_pollution_on_import PASSED [ 71%]
tests/unit/test_mcp_server.py::TestMCPConnectionStability::test_print_statements_use_stderr PASSED [ 71%]
tests/unit/test_mcp_server.py::TestMCPConnectionStability::test_workflow_result_json_serializable PASSED [ 71%]
tests/unit/test_mcp_server.py::TestMCPConnectionStability::test_error_result_json_serializable PASSED [ 71%]
tests/unit/test_mcp_server.py::TestMCPConnectionStability::test_workflows_directory_detection PASSED [ 72%]
tests/unit/test_mcp_server.py::TestMCPConnectionStability::test_missing_workflows_directory_handled PASSED [ 72%]
tests/unit/test_mcp_server.py::TestMCPConnectionStability::test_special_characters_in_context PASSED [ 72%]
tests/unit/test_mcp_server.py::TestMCPToolReturnTypes::test_health_check_returns_dict PASSED [ 72%]
tests/unit/test_mcp_server.py::TestMCPToolReturnTypes::test_status_returns_dict PASSED [ 73%]
tests/unit/test_mcp_server.py::TestMCPToolReturnTypes::test_verify_returns_dict PASSED [ 73%]
tests/unit/test_mcp_server.py::TestMCPToolReturnTypes::test_speckit_tools_return_dict PASSED [ 73%]
tests/unit/test_rag.py::TestCodeIndexer::test_code_chunk_creation PASSED [ 73%]
tests/unit/test_rag.py::TestCodeIndexer::test_indexer_init PASSED        [ 74%]
tests/unit/test_rag.py::TestCodeIndexer::test_indexer_parses_function PASSED [ 74%]
tests/unit/test_rag.py::TestCodeIndexer::test_indexer_parses_class PASSED [ 74%]
tests/unit/test_rag.py::TestDependencyGraph::test_graph_build_empty PASSED [ 74%]
tests/unit/test_rag.py::TestDependencyGraph::test_graph_build_with_chunks PASSED [ 75%]
tests/unit/test_rag.py::TestDependencyGraph::test_impact_zone PASSED     [ 75%]
tests/unit/test_rag.py::TestRAGRetriever::test_retriever_without_chromadb PASSED [ 75%]
tests/unit/test_rag.py::TestRAGRetriever::test_retriever_stats PASSED    [ 75%]
tests/unit/test_security.py::TestValidateFilePath::test_valid_python_file PASSED [ 75%]
tests/unit/test_security.py::TestValidateFilePath::test_valid_nested_path PASSED [ 76%]
tests/unit/test_security.py::TestValidateFilePath::test_path_traversal_blocked PASSED [ 76%]
tests/unit/test_security.py::TestValidateFilePath::test_absolute_path_blocked PASSED [ 76%]
tests/unit/test_security.py::TestValidateFilePath::test_windows_absolute_blocked PASSED [ 76%]
tests/unit/test_security.py::TestValidateFilePath::test_disallowed_extension PASSED [ 77%]
tests/unit/test_security.py::TestValidateFilePath::test_blocked_directory_git PASSED [ 77%]
tests/unit/test_security.py::TestValidateFilePath::test_blocked_directory_node_modules PASSED [ 77%]
tests/unit/test_security.py::TestValidateFilePath::test_blocked_filename_env PASSED [ 77%]
tests/unit/test_security.py::TestValidateFilePath::test_empty_path PASSED [ 78%]
tests/unit/test_security.py::TestValidateFilePath::test_normalized_path_returned PASSED [ 78%]
tests/unit/test_security.py::TestIsSafePath::test_safe_path PASSED       [ 78%]
tests/unit/test_security.py::TestIsSafePath::test_unsafe_path PASSED     [ 78%]
tests/unit/test_security.py::TestMaskSensitiveData::test_mask_google_api_key PASSED [ 78%]
tests/unit/test_security.py::TestMaskSensitiveData::test_mask_generic_api_key PASSED [ 79%]
tests/unit/test_security.py::TestMaskSensitiveData::test_mask_password PASSED [ 79%]
tests/unit/test_security.py::TestMaskSensitiveData::test_mask_bearer_token PASSED [ 79%]
tests/unit/test_security.py::TestMaskSensitiveData::test_no_mask_normal_text PASSED [ 79%]
tests/unit/test_security.py::TestMaskSensitiveData::test_empty_string PASSED [ 80%]
tests/unit/test_security.py::TestSanitizeFilename::test_normal_filename PASSED [ 80%]
tests/unit/test_security.py::TestSanitizeFilename::test_path_separators_removed PASSED [ 80%]
tests/unit/test_security.py::TestSanitizeFilename::test_leading_dots_removed PASSED [ 80%]
tests/unit/test_security.py::TestSanitizeFilename::test_long_filename_truncated PASSED [ 81%]
tests/unit/test_security.py::TestSanitizeFilename::test_empty_returns_unnamed PASSED [ 81%]
tests/unit/test_security.py::TestSanitizeContent::test_normal_content PASSED [ 81%]
tests/unit/test_security.py::TestSanitizeContent::test_empty_content PASSED [ 81%]
tests/unit/test_security.py::TestSanitizeContent::test_content_truncation PASSED [ 81%]
tests/unit/test_shadow_mode.py::TestShadowModeEnums::test_shadow_mode_level PASSED [ 82%]
tests/unit/test_shadow_mode.py::TestShadowModeEnums::test_operation_severity PASSED [ 82%]
tests/unit/test_shadow_mode.py::TestPendingOperation::test_pending_operation_creation PASSED [ 82%]
tests/unit/test_shadow_mode.py::TestPendingOperation::test_pending_operation_serialization PASSED [ 82%]
tests/unit/test_shadow_mode.py::TestShadowModeGuard::test_guard_disabled_mode PASSED [ 83%]
tests/unit/test_shadow_mode.py::TestShadowModeGuard::test_guard_enabled_mode_blocks_high PASSED [ 83%]
tests/unit/test_shadow_mode.py::TestShadowModeGuard::test_guard_enabled_mode_allows_read PASSED [ 83%]
tests/unit/test_shadow_mode.py::TestShadowModeGuard::test_guard_strict_mode PASSED [ 83%]
tests/unit/test_shadow_mode.py::TestShadowModeGuard::test_guard_sensitive_file_detection PASSED [ 84%]
tests/unit/test_shadow_mode.py::TestShadowModeGuard::test_guard_shell_command_detection PASSED [ 84%]
tests/unit/test_shadow_mode.py::TestShadowModeGuard::test_approve_operation PASSED [ 84%]
tests/unit/test_shadow_mode.py::TestShadowModeGuard::test_reject_operation PASSED [ 84%]
tests/unit/test_shadow_mode.py::TestCreateShadowGuard::test_create_with_default_mode PASSED [ 84%]
tests/unit/test_shadow_mode.py::TestCreateShadowGuard::test_create_with_custom_mode PASSED [ 85%]
tests/unit/test_storage.py::TestSQLiteStorage::test_create_storage PASSED [ 85%]
tests/unit/test_storage.py::TestSQLiteStorage::test_record_loop PASSED   [ 85%]
tests/unit/test_storage.py::TestSQLiteStorage::test_get_recent_loops PASSED [ 85%]
tests/unit/test_storage.py::TestSQLiteStorage::test_get_loop_stats PASSED [ 86%]
tests/unit/test_storage.py::TestSQLiteStorage::test_record_error PASSED  [ 86%]
tests/unit/test_storage.py::TestSQLiteStorage::test_add_and_get_solution PASSED [ 86%]
tests/unit/test_storage.py::TestSQLiteStorage::test_record_metric PASSED [ 86%]
tests/unit/test_storage.py::TestContextSelector::test_create_selector PASSED [ 87%]
tests/unit/test_storage.py::TestContextSelector::test_extract_keywords PASSED [ 87%]
tests/unit/test_storage.py::TestContextSelector::test_extract_keywords_camelcase PASSED [ 87%]
tests/unit/test_storage.py::TestContextSelector::test_score_file_filename_match PASSED [ 87%]
tests/unit/test_storage.py::TestContextSelector::test_get_project_files PASSED [ 87%]
tests/unit/test_storage.py::TestContextSelector::test_select_files_by_relevance PASSED [ 88%]
tests/unit/test_storage.py::TestContextSelector::test_select_context_with_budget PASSED [ 88%]
tests/unit/test_storage.py::TestContextSelector::test_generate_context_injection PASSED [ 88%]
tests/unit/test_vector_memory.py::TestExperience::test_experience_creation PASSED [ 88%]
tests/unit/test_vector_memory.py::TestVectorMemoryInit::test_init_without_chromadb PASSED [ 89%]
tests/unit/test_vector_memory.py::TestVectorMemoryInit::test_init_creates_directory PASSED [ 89%]
tests/unit/test_vector_memory.py::TestVectorMemoryAddExperience::test_add_experience_disabled PASSED [ 89%]
tests/unit/test_vector_memory.py::TestVectorMemoryRetrieve::test_retrieve_disabled PASSED [ 89%]
tests/unit/test_vector_memory.py::TestVectorMemoryHelpers::test_get_solution_for_error_disabled PASSED [ 90%]
tests/unit/test_vector_memory.py::TestVectorMemoryHelpers::test_generate_context_injection_disabled PASSED [ 90%]
tests/unit/test_vector_memory.py::TestVectorMemoryHelpers::test_clear_disabled PASSED [ 90%]
tests/unit/test_vector_memory.py::TestCreateVectorMemory::test_create_with_project_root PASSED [ 90%]
tests/unit/test_vector_memory.py::TestCreateVectorMemory::test_create_without_project_root PASSED [ 90%]
tests/unit/test_vector_memory.py::TestVectorMemoryWithChromaDB::test_init_with_chromadb PASSED [ 91%]
tests/unit/test_vector_memory.py::TestVectorMemoryWithChromaDB::test_add_and_retrieve PASSED [ 91%]
tests/unit/test_verification.py::TestVerificationResult::test_result_creation PASSED [ 91%]
tests/unit/test_verification.py::TestVerificationResult::test_failed_result_with_details PASSED [ 91%]
tests/unit/test_verification.py::TestCodeVerifierSyntax::test_verify_syntax_valid PASSED [ 92%]
tests/unit/test_verification.py::TestCodeVerifierSyntax::test_verify_syntax_invalid PASSED [ 92%]
tests/unit/test_verification.py::TestCodeVerifierSyntax::test_verify_syntax_empty_file PASSED [ 92%]
tests/unit/test_verification.py::TestCodeVerifierLint::test_verify_lint_no_ruff PASSED [ 92%]
tests/unit/test_verification.py::TestCodeVerifierLint::test_verify_lint_with_ruff_mock_success PASSED [ 93%]
tests/unit/test_verification.py::TestCodeVerifierLint::test_verify_lint_with_ruff_mock_failure PASSED [ 93%]
tests/unit/test_verification.py::TestCodeVerifierImports::test_verify_imports_standard_lib PASSED [ 93%]
tests/unit/test_verification.py::TestCodeVerifierImports::test_verify_imports_relative PASSED [ 93%]
tests/unit/test_verification.py::TestCodeVerifierTests::test_run_tests_no_pytest PASSED [ 93%]
tests/unit/test_verification.py::TestCodeVerifierTests::test_run_tests_no_tests_dir PASSED [ 94%]
tests/unit/test_verification.py::TestCodeVerifierProject::test_verify_project_no_src PASSED [ 94%]
tests/unit/test_verification.py::TestCodeVerifierProject::test_verify_project_with_valid_files PASSED [ 94%]
tests/unit/test_verification.py::TestCodeVerifierProject::test_verify_file_non_python PASSED [ 94%]
tests/unit/test_verification.py::TestGenerateFeedbackPrompt::test_generate_feedback_no_failures PASSED [ 95%]
tests/unit/test_verification.py::TestGenerateFeedbackPrompt::test_generate_feedback_with_failures PASSED [ 95%]
tests/unit/test_workflow_evolver.py::TestWorkflowEvolver::test_init_creates_base_dir PASSED [ 95%]
tests/unit/test_workflow_evolver.py::TestWorkflowEvolver::test_ensure_base_backup PASSED [ 95%]
tests/unit/test_workflow_evolver.py::TestWorkflowEvolver::test_ensure_base_backup_invalid_workflow PASSED [ 96%]
tests/unit/test_workflow_evolver.py::TestWorkflowEvolver::test_evolve_workflow PASSED [ 96%]
tests/unit/test_workflow_evolver.py::TestWorkflowEvolver::test_evolve_workflow_creates_backup PASSED [ 96%]
tests/unit/test_workflow_evolver.py::TestWorkflowEvolver::test_evolve_workflow_no_change PASSED [ 96%]
tests/unit/test_workflow_evolver.py::TestWorkflowEvolver::test_reset_workflow PASSED [ 96%]
tests/unit/test_workflow_evolver.py::TestWorkflowEvolver::test_get_workflow_status PASSED [ 97%]
tests/unit/test_workflow_evolver.py::TestWorkflowEvolver::test_evolution_log PASSED [ 97%]
tests/unit/test_workflow_evolver.py::TestWorkflowEvolver::test_backup_all_workflows PASSED [ 97%]
tests/unit/test_workflow_manager.py::TestWorkflowPackage::test_json_serialization PASSED [ 97%]
tests/unit/test_workflow_manager.py::TestWorkflowPackage::test_from_json_valid PASSED [ 98%]
tests/unit/test_workflow_manager.py::TestWorkflowPackage::test_from_json_invalid PASSED [ 98%]
tests/unit/test_workflow_manager.py::TestWorkflowManager::test_parse_frontmatter PASSED [ 98%]
tests/unit/test_workflow_manager.py::TestWorkflowManager::test_list_local_workflows PASSED [ 98%]
tests/unit/test_workflow_manager.py::TestWorkflowManager::test_export_workflow_success PASSED [ 99%]
tests/unit/test_workflow_manager.py::TestWorkflowManager::test_export_workflow_not_found PASSED [ 99%]
tests/unit/test_workflow_manager.py::TestWorkflowManager::test_install_workflow_url PASSED [ 99%]
tests/unit/test_workflow_manager.py::TestWorkflowManager::test_install_workflow_local_file PASSED [ 99%]
tests/unit/test_workflow_manager.py::TestWorkflowManager::test_publish_workflow_success PASSED [100%]

================================== FAILURES ===================================
___________________ TestGeminiCLIAdapter.test_init_failure ____________________
tests\unit\test_cli_client.py:25: in test_init_failure
    with pytest.raises(FileNotFoundError):
         ^^^^^^^^^^^^^^^^^^^^^^^^^^^^^^^^
E   Failed: DID NOT RAISE <class 'FileNotFoundError'>
---------------------------- Captured stderr call -----------------------------
[2026-01-05 01:40:51] [[WARN]] Gemini CLI not found. CLI-based features will be
unavailable.
------------------------------ Captured log call ------------------------------
WARNING  boring:logger.py:108 {'event': 'Gemini CLI not found. CLI-based features will be unavailable.', 'level': 'warning', 'timestamp': '2026-01-04T17:40:51.935224Z'}
____________ TestGeminiCLIAdapter.test_create_cli_adapter_factory _____________
tests\unit\test_cli_client.py:111: in test_create_cli_adapter_factory
    assert create_cli_adapter() is None
E   assert <boring.cli_client.GeminiCLIAdapter object at 0x000002447A065A00> is None
E    +  where <boring.cli_client.GeminiCLIAdapter object at 0x000002447A065A00> = create_cli_adapter()
---------------------------- Captured stderr call -----------------------------
[2026-01-05 01:40:52] [[INFO]] Gemini CLI Adapter initialized: /bin/gemini 
(cwd: None)
[2026-01-05 01:40:52] [[WARN]] Gemini CLI not found. CLI-based features will be
unavailable.
------------------------------ Captured log call ------------------------------
WARNING  boring:logger.py:108 {'event': 'Gemini CLI not found. CLI-based features will be unavailable.', 'level': 'warning', 'timestamp': '2026-01-04T17:40:52.148753Z'}
============================== warnings summary ===============================
src\boring\models.py:31
  D:\User\Desktop\ralphgeminicode\boring-gemini\src\boring\models.py:31: PydanticDeprecatedSince20: Support for class-based `config` is deprecated, use ConfigDict instead. Deprecated in Pydantic V2.0 to be removed in V3.0. See Pydantic V2 Migration Guide at https://errors.pydantic.dev/2.12/migration/
    class CircuitBreakerState(BaseModel):

src\boring\models.py:64
  D:\User\Desktop\ralphgeminicode\boring-gemini\src\boring\models.py:64: PydanticDeprecatedSince20: Support for class-based `config` is deprecated, use ConfigDict instead. Deprecated in Pydantic V2.0 to be removed in V3.0. See Pydantic V2 Migration Guide at https://errors.pydantic.dev/2.12/migration/
    class LoopStatus(BaseModel):

C:\Users\User\AppData\Roaming\Python\Python312\site-packages\pydantic\_internal\_generate_schema.py:319
  C:\Users\User\AppData\Roaming\Python\Python312\site-packages\pydantic\_internal\_generate_schema.py:319: PydanticDeprecatedSince20: `json_encoders` is deprecated. See https://docs.pydantic.dev/2.12/concepts/serialization/#custom-serializers for alternatives. Deprecated in Pydantic V2.0 to be removed in V3.0. See Pydantic V2 Migration Guide at https://errors.pydantic.dev/2.12/migration/
    warnings.warn(

src\boring\models.py:84
  D:\User\Desktop\ralphgeminicode\boring-gemini\src\boring\models.py:84: PydanticDeprecatedSince20: Support for class-based `config` is deprecated, use ConfigDict instead. Deprecated in Pydantic V2.0 to be removed in V3.0. See Pydantic V2 Migration Guide at https://errors.pydantic.dev/2.12/migration/
    class CircuitBreakerHistoryEntry(BaseModel):

src\boring\models.py:102
  D:\User\Desktop\ralphgeminicode\boring-gemini\src\boring\models.py:102: PydanticDeprecatedSince20: Support for class-based `config` is deprecated, use ConfigDict instead. Deprecated in Pydantic V2.0 to be removed in V3.0. See Pydantic V2 Migration Guide at https://errors.pydantic.dev/2.12/migration/
    class Workflow(BaseModel):

tests/integration/test_integration.py::TestEndToEndPatching::test_parse_and_apply_single_file
  D:\User\Desktop\ralphgeminicode\boring-gemini\tests\integration\test_integration.py:32: DeprecationWarning: extract_file_blocks() is deprecated. Use process_structured_calls() instead.
    blocks = extract_file_blocks(ai_output)

tests/integration/test_integration.py::TestEndToEndPatching::test_parse_and_apply_xml_format
  D:\User\Desktop\ralphgeminicode\boring-gemini\tests\integration\test_integration.py:54: DeprecationWarning: extract_file_blocks() is deprecated. Use process_structured_calls() instead.
    blocks = extract_file_blocks(ai_output)

tests/integration/test_mcp_startup.py::TestRAGSystem::test_rag_retriever_creation
  C:\Users\User\AppData\Roaming\Python\Python312\site-packages\dateutil\tz\tz.py:37: DeprecationWarning: datetime.datetime.utcfromtimestamp() is deprecated and scheduled for removal in a future version. Use timezone-aware objects to represent datetimes in UTC: datetime.datetime.fromtimestamp(timestamp, datetime.UTC).
    EPOCH = datetime.datetime.utcfromtimestamp(0)

tests/unit/mcp/test_core_tools.py::TestCoreTools::test_boring_done_returns_message
  C:\Users\User\AppData\Roaming\Python\Python312\site-packages\win10toast\__init__.py:15: UserWarning: pkg_resources is deprecated as an API. See https://setuptools.pypa.io/en/latest/pkg_resources.html. The pkg_resources package is slated for removal as early as 2025-11-30. Refrain from using this package or pin to Setuptools<81.
    from pkg_resources import Requirement

tests/unit/mcp/test_core_tools.py::TestCoreTools::test_boring_done_returns_message
  C:\Users\User\AppData\Roaming\Python\Python312\site-packages\pkg_resources\__init__.py:3146: DeprecationWarning: Deprecated call to `pkg_resources.declare_namespace('google')`.
  Implementing implicit namespace packages (as specified in PEP 420) is preferred to `pkg_resources.declare_namespace`. See https://setuptools.pypa.io/en/latest/references/keywords.html#keyword-namespace-packages
    declare_namespace(pkg)

tests/unit/mcp/test_evaluation.py::TestEvaluationTools::test_boring_evaluate_file
  C:\Users\User\AppData\Roaming\Python\Python312\site-packages\_pytest\threadexception.py:58: PytestUnhandledThreadExceptionWarning: Exception in thread Thread-17 (_show_toast)
  
  Traceback (most recent call last):
    File "C:\Python312\Lib\threading.py", line 1075, in _bootstrap_inner
      self.run()
    File "C:\Python312\Lib\threading.py", line 1012, in run
      self._target(*self._args, **self._kwargs)
    File "C:\Users\User\AppData\Roaming\Python\Python312\site-packages\win10toast\__init__.py", line 83, in _show_toast
      self.hwnd = CreateWindow(self.classAtom, "Taskbar", style,
                               ^^^^^^^^^^^^^^
  AttributeError: 'ToastNotifier' object has no attribute 'classAtom'
  
  Enable tracemalloc to get traceback where the object was allocated.
  See https://docs.pytest.org/en/stable/how-to/capture-warnings.html#resource-warnings for more info.
    warnings.warn(pytest.PytestUnhandledThreadExceptionWarning(msg))

tests/unit/test_file_patcher.py::TestExtractFileBlocks::test_extract_file_blocks_markdown_format
  D:\User\Desktop\ralphgeminicode\boring-gemini\tests\unit\test_file_patcher.py:25: DeprecationWarning: extract_file_blocks() is deprecated. Use process_structured_calls() instead.
    blocks = extract_file_blocks(content)

tests/unit/test_file_patcher.py::TestExtractFileBlocks::test_extract_file_blocks_xml_format
  D:\User\Desktop\ralphgeminicode\boring-gemini\tests\unit\test_file_patcher.py:39: DeprecationWarning: extract_file_blocks() is deprecated. Use process_structured_calls() instead.
    blocks = extract_file_blocks(content)

tests/unit/test_file_patcher.py::TestExtractFileBlocks::test_extract_file_blocks_empty_content
  D:\User\Desktop\ralphgeminicode\boring-gemini\tests\unit\test_file_patcher.py:48: DeprecationWarning: extract_file_blocks() is deprecated. Use process_structured_calls() instead.
    blocks = extract_file_blocks("")

tests/unit/test_file_patcher.py::TestExtractFileBlocks::test_extract_file_blocks_no_blocks
  D:\User\Desktop\ralphgeminicode\boring-gemini\tests\unit\test_file_patcher.py:61: DeprecationWarning: extract_file_blocks() is deprecated. Use process_structured_calls() instead.
    blocks = extract_file_blocks(content)

tests/unit/test_health.py::TestCheckDependencies::test_required_dependencies_installed
  D:\User\Desktop\ralphgeminicode\boring-gemini\src\boring\health.py:179: FutureWarning: 
  
  All support for the `google.generativeai` package has ended. It will no longer be receiving 
  updates or bug fixes. Please switch to the `google.genai` package as soon as possible.
  See README for more details:
  
  https://github.com/google-gemini/deprecated-generative-ai-python/blob/main/README.md
  
    __import__(package)

-- Docs: https://docs.pytest.org/en/stable/how-to/capture-warnings.html
=============================== tests coverage ================================
_______________ coverage: platform win32, python 3.12.6-final-0 _______________

Name                                   Stmts   Miss Branch BrPart  Cover   Missing
----------------------------------------------------------------------------------
src\boring\__init__.py                     0      0      0      0   100%
src\boring\agents\__init__.py              6      0      0      0   100%
src\boring\agents\architect.py            35     16     14      0    51%   86-141
src\boring\agents\base.py                113     42     24      0    53%   56-59, 130, 134-137, 141, 145, 149, 183, 196, 208-213, 240-253, 257-267, 276-286, 290
src\boring\agents\coder.py                94     82     42      0     9%   39, 91-202, 217-282
src\boring\agents\orchestrator.py        127    102     52      0    14%   102-214, 231-256, 267, 289-317, 339-352
src\boring\agents\reviewer.py             68     38     24      3    38%   116-200, 222, 227-232, 261-262
src\boring\audit.py                       69     22     18      4    63%   45->47, 52, 56, 77, 91-92, 101, 103, 111-123, 142-150
src\boring\auto_fix.py                    58     41     14      0    24%   43-46, 59-132, 142-152, 181-214
src\boring\backup.py                      60     28     22      3    45%   27, 33->32, 37-39, 51-53, 59-73, 80-97
src\boring\brain_manager.py              126     92     26      0    22%   64-74, 78-79, 83-89, 93-94, 109-160, 169-189, 200-213, 217-220, 224-338, 345-355, 365
src\boring\circuit.py                     84     13     20      3    81%   69, 120-121, 123-128, 163-171
src\boring\cli_client.py                 133     51     36      6    56%   89-140, 167-169, 179-193, 206-209, 216->222, 246, 264, 273->277, 291, 309-310, 328-330, 346, 365-370
src\boring\config.py                      57     22     20      3    49%   31->30, 32->31, 37-44, 92-110
src\boring\constants.py                   43     43      0      0     0%   7-93
src\boring\context_selector.py           128     16     40      7    85%   155, 170-173, 191, 196-198, 223, 283-287, 294-295, 319
src\boring\core.py                        10     10      0      0     0%   18-76
src\boring\dashboard.py                  111     16     34     10    82%   38->41, 90-93, 118->117, 123->132, 126, 130, 142->145, 145->exit, 148-149, 153-164, 167
src\boring\debugger.py                    80      9     20      3    88%   31, 35, 59-60, 68-70, 105-106
src\boring\diff_patcher.py                91     33     34      7    62%   93-94, 102-103, 111-112, 164, 170, 178-179, 208, 213-223, 250-269, 286-292
src\boring\exceptions.py                  84     19      2      0    78%   52-53, 60-61, 86-87, 94-97, 113-115, 131-132, 155-156, 163-164
src\boring\extensions.py                 147    101     42      3    26%   87-104, 108-147, 151-159, 166-177, 191-207, 211-214, 218-235, 240, 246-247, 268, 271-272, 280-292, 299-326, 334-422
src\boring\file_patcher.py               164    105     72      5    33%   91-151, 161-179, 190-212, 256-266, 268->245, 306-309, 322->325, 334, 344-345, 363-379
src\boring\gemini_client.py               10      0      0      0   100%
src\boring\health.py                     148     43     40      8    66%   110-144, 163, 180-192, 195, 227, 230, 283, 302, 323, 349-381
src\boring\hooks.py                       69     52     18      0    20%   86-88, 92, 96-121, 125-138, 142-155, 159-165, 169-192
src\boring\interactions_client.py         74     74     18      0     0%   13-235
src\boring\interactive.py                146    146     52      0     0%   16-316
src\boring\interfaces.py                  78     23      6      0    65%   40, 46, 66, 86, 101-118, 137, 146, 151, 174, 179, 184, 210, 220
src\boring\judge.py                       95     82     26      0    11%   17, 25-62, 84-188, 192-211, 214-251
src\boring\limiter.py                     73     18     22      3    76%   33, 35->40, 40->exit, 61-62, 108-130
src\boring\llm\__init__.py                 4      0      0      0   100%
src\boring\llm\executor.py                54      6     18      5    85%   67-71, 80->exit, 98->exit, 111-113
src\boring\llm\sdk.py                    142     79     56     10    38%   30-33, 80, 95-97, 108, 115->exit, 141, 155, 171-184, 192-193, 198-199, 201-202, 218-237, 254-344
src\boring\llm\tools.py                   12      4      2      1    64%   13-15, 73
src\boring\logger.py                      56     20     12      3    60%   73, 90, 95->107, 132-154, 168-177
src\boring\loop\__init__.py                5      0      0      0   100%
src\boring\loop\agent.py                  98     72     30      0    20%   55-73, 77-114, 118-169, 174-193, 201-202, 212-233
src\boring\loop\base.py                   23      5      0      0    78%   41, 54, 68, 72, 76
src\boring\loop\context.py                72      1      0      0    99%   108
src\boring\loop\legacy.py                300    264     78      0    10%   57-99, 103-278, 283-289, 294-385, 397-461, 473-499, 503-513, 519-543, 547, 577-586, 593-610
src\boring\loop\states\__init__.py         5      0      0      0   100%
src\boring\loop\states\patching.py       137     27     56     18    77%   47-48, 61->55, 73->77, 97, 106-107, 123->121, 126, 130->128, 132->128, 144-145, 155->158, 175-180, 190-191, 196-197, 199->202, 205-206, 212-214, 222-224, 228->exit, 241-242
src\boring\loop\states\recovery.py        63     30     12      2    47%   53-63, 68-75, 86-95, 138, 158-159, 179-183, 187-200
src\boring\loop\states\thinking.py       163     79     52     17    49%   61, 65, 69-72, 76-109, 117, 120-121, 135-136, 142, 149->155, 151->155, 156->161, 163->176, 166-170, 172-173, 177-179, 186-187, 196, 226->222, 231-240, 244-317, 321->exit, 333-334
src\boring\loop\states\verifying.py       78     59     18      0    20%   37, 41-43, 47-76, 81-112, 116-132, 136-145, 149-162
src\boring\main.py                       457    117    110     12    72%   206, 218-229, 370-371, 391, 405-409, 415->exit, 430, 442, 490, 515-517, 546->552, 599, 606, 624-626, 695-721, 737-759, 769-790, 803-823, 832-841, 846-855, 860-870, 873
src\boring\mcp\__init__.py                 0      0      0      0   100%
src\boring\mcp\async_utils.py             42     42      6      0     0%   10-131
src\boring\mcp\brain_tools.py             41     41      6      0     0%   13-93
src\boring\mcp\core_tools.py              39     39      2      0     0%   15-107
src\boring\mcp\http.py                    61     61      4      0     0%   13-148
src\boring\mcp\instance.py                 9      4      2      1    55%   4-6, 14
src\boring\mcp\interceptors.py           104     60     26      1    35%   17-18, 22-55, 58, 61, 80-106, 109, 112, 117, 125, 129, 134-140, 144, 148, 152, 156, 160, 163, 166, 169, 172, 175, 179->exit
src\boring\mcp\prompts.py                 32     10      0      0    69%   23, 41, 57, 77, 93, 108, 125, 139, 155, 176
src\boring\mcp\resources.py               33     11     12      4    58%   4->exit, 11, 28, 33, 38-47
src\boring\mcp\server.py                  70     17     14      5    71%   35-37, 63, 69, 97-103, 107->111, 143-145, 148->153, 155-157, 160
src\boring\mcp\speckit_tools.py           28     28      0      0     0%   15-78
src\boring\mcp\tools\agents.py            80     43     24      3    42%   34-63, 87-98, 115-135, 162-208, 241, 269, 275
src\boring\mcp\tools\core.py             130     31     34      8    74%   82, 84, 86, 158-162, 171-172, 195, 279-280, 345-358, 361->364, 371->376, 389-401, 413->exit
src\boring\mcp\tools\evaluation.py       109     53     40     10    50%   43, 61, 68, 75, 78, 84-90, 106-123, 135-143, 145->150, 153-174, 176->exit
src\boring\mcp\tools\git.py              153     98     66      6    29%   32, 42->58, 66-71, 89, 101-102, 120, 128-129, 158-239, 269-323, 335->exit
src\boring\mcp\tools\integration.py       27      3      6      2    85%   37, 58-59, 98->exit
src\boring\mcp\tools\knowledge.py         50      9      8      4    78%   34, 45-46, 70, 77-78, 101, 108-109, 111->exit
src\boring\mcp\tools\patching.py          56     44     20      1    17%   40-98, 121-181, 183->exit
src\boring\mcp\tools\rag.py              135    117     62      0     9%   19-22, 53-81, 107-172, 189-238, 264-312, 334-356
src\boring\mcp\tools\shadow.py            68     50     22      0    20%   22-25, 56-92, 110-118, 136-144, 163-188, 205-211
src\boring\mcp\tools\speckit.py           88     14     28      6    81%   20->32, 23->32, 26->25, 28-29, 55-59, 82, 91, 101-102, 210, 256, 279, 301, 303->exit
src\boring\mcp\tools\verification.py      67     17     26     12    69%   32, 43, 68, 78, 87-88, 101-102, 106-107, 142, 151, 160, 178, 184, 196-197, 207->exit
src\boring\mcp\tools\workflow.py         113     45     28      8    57%   62, 69-70, 95, 102-103, 121-141, 160-174, 194, 219-230, 251, 256, 268->279, 272->279, 276-277, 292-293, 298->exit
src\boring\mcp\utils.py                   85     53     34      1    28%   32-33, 61-93, 101-133, 144-149, 167-173
src\boring\mcp\v9_tools.py                93     57      8      0    36%   42-48, 64-72, 84-91, 112-115, 127-130, 140-145, 161-164, 195-231, 277-286, 306-315
src\boring\mcp\v10_tools.py               34     18      0      0    47%   36-41, 50-55, 64-69
src\boring\memory.py                     101     35     18      4    59%   76, 99, 107-129, 139-141, 145, 149, 157-166, 183, 188
src\boring\models.py                      52      0      0      0   100%
src\boring\monitor.py                    138    138     32      0     0%   1-195
src\boring\pattern_mining.py             135    135     64      0     0%   10-350
src\boring\plugins\__init__.py             2      2      0      0     0%   10-12
src\boring\plugins\loader.py             111    111     32      0     0%   12-232
src\boring\rag\__init__.py                 4      0      0      0   100%
src\boring\rag\code_indexer.py           210     80     92     17    55%   89-109, 124-129, 135-136, 143, 157, 171, 173, 182->175, 203-204, 220->224, 221->220, 258->269, 265-267, 274-277, 301-302, 318-320, 322-324, 329-332, 355-365, 371-397, 407-408, 421-424, 428-436
src\boring\rag\graph_builder.py          116     45     58      7    54%   62-63, 78-90, 94, 98-99, 146->149, 150, 153->152, 156->152, 162, 181, 198-211, 235-264
src\boring\rag\rag_retriever.py          278    213    102      1    18%   28-31, 114-117, 134-196, 219-279, 294-299, 324-380, 396-405, 431-467, 489-536, 540-552, 560-570, 574, 590-607, 616-626, 639-663, 667-671, 693
src\boring\response_analyzer.py          116     10     46     10    88%   66->96, 70->91, 81->86, 91->96, 100-101, 114->124, 118->124, 132->144, 137, 140-141, 147-148, 161, 175-176
src\boring\rubrics.py                     27      1      0      0    96%   150
src\boring\security.py                    89     16     34      5    81%   123-130, 149-150, 162-166, 218-220
src\boring\setup.py                      125    125     34      0     0%   1-292
src\boring\shadow_mode.py                183     56     48     15    68%   155, 161, 172-175, 196->195, 201, 211->210, 216, 220, 224-227, 237->236, 239, 286-287, 300-302, 329, 357, 369, 376-393, 400-401, 423-458, 484-485
src\boring\storage.py                    137     21     14      2    85%   135-138, 249-261, 297->296, 300-301, 357, 374-375, 380-381, 385-396
src\boring\streaming.py                   82     82      8      0     0%   10-215
src\boring\utils.py                       48     35     14      0    21%   20-28, 37-71, 75-84
src\boring\vector_memory.py              107     45     32      5    53%   24-27, 84, 98-100, 154-156, 178-211, 223, 240-261, 268-278
src\boring\verification.py               179     55     72     15    67%   62-63, 88-89, 112-128, 143, 155, 159, 168-169, 195-198, 201, 216-217, 246-285, 305-306, 310, 331, 346->345, 352, 366->362, 375-411, 433->437, 437->430
src\boring\workflow_evolver.py           113      9     28      7    89%   92-93, 154, 162, 222, 231, 264, 277->283, 292, 297
src\boring\workflow_manager.py           153     25     38     10    81%   50-51, 54, 64, 107->114, 111->110, 126, 170-171, 193, 196, 203-206, 223-226, 242, 248, 284->287, 289-294
src\boring\workspace.py                   84     84     22      0     0%   10-210
----------------------------------------------------------------------------------
TOTAL                                   8587   4390   2448    306    45%
Coverage HTML written to dir htmlcov
Required test coverage of 40% reached. Total coverage: 44.94%
=========================== short test summary info ===========================
FAILED tests/unit/test_cli_client.py::TestGeminiCLIAdapter::test_init_failure
FAILED tests/unit/test_cli_client.py::TestGeminiCLIAdapter::test_create_cli_adapter_factory
=========== 2 failed, 428 passed, 2 skipped, 16 warnings in 22.63s ============
